[    0.000000] Linux version 4.15.0-101-generic (buildd@lgw01-amd64-003) (gcc version 7.5.0 (Ubuntu 7.5.0-3ubuntu1~18.04)) #102-Ubuntu SMP Mon May 11 10:07:26 UTC 2020 (Ubuntu 4.15.0-101.102-generic 4.15.18)
[    0.000000] Command line: BOOT_IMAGE=/boot/vmlinuz-4.15.0-101-generic root=UUID=6969795d-2298-4346-a932-b89115857723 ro console=tty1 console=ttyS0
[    0.000000] KERNEL supported cpus:
[    0.000000]   Intel GenuineIntel
[    0.000000]   AMD AuthenticAMD
[    0.000000]   Centaur CentaurHauls
[    0.000000] x86/fpu: Supporting XSAVE feature 0x001: 'x87 floating point registers'
[    0.000000] x86/fpu: Supporting XSAVE feature 0x002: 'SSE registers'
[    0.000000] x86/fpu: Supporting XSAVE feature 0x004: 'AVX registers'
[    0.000000] x86/fpu: xstate_offset[2]:  576, xstate_sizes[2]:  256
[    0.000000] x86/fpu: Enabled xstate features 0x7, context size is 832 bytes, using 'standard' format.
[    0.000000] e820: BIOS-provided physical RAM map:
[    0.000000] BIOS-e820: [mem 0x0000000000000000-0x000000000009fbff] usable
[    0.000000] BIOS-e820: [mem 0x000000000009fc00-0x000000000009ffff] reserved
[    0.000000] BIOS-e820: [mem 0x00000000000f0000-0x00000000000fffff] reserved
[    0.000000] BIOS-e820: [mem 0x0000000000100000-0x000000003ffeffff] usable
[    0.000000] BIOS-e820: [mem 0x000000003fff0000-0x000000003fffffff] ACPI data
[    0.000000] BIOS-e820: [mem 0x00000000fec00000-0x00000000fec00fff] reserved
[    0.000000] BIOS-e820: [mem 0x00000000fee00000-0x00000000fee00fff] reserved
[    0.000000] BIOS-e820: [mem 0x00000000fffc0000-0x00000000ffffffff] reserved
[    0.000000] NX (Execute Disable) protection: active
[    0.000000] SMBIOS 2.5 present.
[    0.000000] DMI: innotek GmbH VirtualBox/VirtualBox, BIOS VirtualBox 12/01/2006
[    0.000000] Hypervisor detected: KVM
[    0.000000] e820: last_pfn = 0x3fff0 max_arch_pfn = 0x400000000
[    0.000000] MTRR: Disabled
[    0.000000] x86/PAT: MTRRs disabled, skipping PAT initialization too.
[    0.000000] CPU MTRRs all blank - virtualized system.
[    0.000000] x86/PAT: Configuration [0-7]: WB  WT  UC- UC  WB  WT  UC- UC  
[    0.000000] found SMP MP-table at [mem 0x0009fff0-0x0009ffff]
[    0.000000] Scanning 1 areas for low memory corruption
[    0.000000] RAMDISK: [mem 0x3595f000-0x36ca6fff]
[    0.000000] ACPI: Early table checksum verification disabled
[    0.000000] ACPI: RSDP 0x00000000000E0000 000024 (v02 VBOX  )
[    0.000000] ACPI: XSDT 0x000000003FFF0030 00003C (v01 VBOX   VBOXXSDT 00000001 ASL  00000061)
[    0.000000] ACPI: FACP 0x000000003FFF00F0 0000F4 (v04 VBOX   VBOXFACP 00000001 ASL  00000061)
[    0.000000] ACPI: DSDT 0x000000003FFF0470 0022EA (v02 VBOX   VBOXBIOS 00000002 INTL 20100528)
[    0.000000] ACPI: FACS 0x000000003FFF0200 000040
[    0.000000] ACPI: FACS 0x000000003FFF0200 000040
[    0.000000] ACPI: APIC 0x000000003FFF0240 00005C (v02 VBOX   VBOXAPIC 00000001 ASL  00000061)
[    0.000000] ACPI: SSDT 0x000000003FFF02A0 0001CC (v01 VBOX   VBOXCPUT 00000002 INTL 20100528)
[    0.000000] No NUMA configuration found
[    0.000000] Faking a node at [mem 0x0000000000000000-0x000000003ffeffff]
[    0.000000] NODE_DATA(0) allocated [mem 0x3ffc5000-0x3ffeffff]
[    0.000000] kvm-clock: cpu 0, msr 0:3ff44001, primary cpu clock
[    0.000000] kvm-clock: Using msrs 4b564d01 and 4b564d00
[    0.000000] kvm-clock: using sched offset of 3739256142 cycles
[    0.000000] clocksource: kvm-clock: mask: 0xffffffffffffffff max_cycles: 0x1cd42e4dffb, max_idle_ns: 881590591483 ns
[    0.000000] Zone ranges:
[    0.000000]   DMA      [mem 0x0000000000001000-0x0000000000ffffff]
[    0.000000]   DMA32    [mem 0x0000000001000000-0x000000003ffeffff]
[    0.000000]   Normal   empty
[    0.000000]   Device   empty
[    0.000000] Movable zone start for each node
[    0.000000] Early memory node ranges
[    0.000000]   node   0: [mem 0x0000000000001000-0x000000000009efff]
[    0.000000]   node   0: [mem 0x0000000000100000-0x000000003ffeffff]
[    0.000000] Reserved but unavailable: 98 pages
[    0.000000] Initmem setup node 0 [mem 0x0000000000001000-0x000000003ffeffff]
[    0.000000] ACPI: PM-Timer IO Port: 0x4008
[    0.000000] IOAPIC[0]: apic_id 2, version 32, address 0xfec00000, GSI 0-23
[    0.000000] ACPI: INT_SRC_OVR (bus 0 bus_irq 0 global_irq 2 dfl dfl)
[    0.000000] ACPI: INT_SRC_OVR (bus 0 bus_irq 9 global_irq 9 low level)
[    0.000000] Using ACPI (MADT) for SMP configuration information
[    0.000000] smpboot: Allowing 2 CPUs, 0 hotplug CPUs
[    0.000000] PM: Registered nosave memory: [mem 0x00000000-0x00000fff]
[    0.000000] PM: Registered nosave memory: [mem 0x0009f000-0x0009ffff]
[    0.000000] PM: Registered nosave memory: [mem 0x000a0000-0x000effff]
[    0.000000] PM: Registered nosave memory: [mem 0x000f0000-0x000fffff]
[    0.000000] e820: [mem 0x40000000-0xfebfffff] available for PCI devices
[    0.000000] Booting paravirtualized kernel on KVM
[    0.000000] clocksource: refined-jiffies: mask: 0xffffffff max_cycles: 0xffffffff, max_idle_ns: 7645519600211568 ns
[    0.000000] random: get_random_bytes called from start_kernel+0x99/0x4fd with crng_init=0
[    0.000000] setup_percpu: NR_CPUS:8192 nr_cpumask_bits:2 nr_cpu_ids:2 nr_node_ids:1
[    0.000000] percpu: Embedded 45 pages/cpu s147456 r8192 d28672 u1048576
[    0.000000] PV qspinlock hash table entries: 256 (order: 0, 4096 bytes)
[    0.000000] Built 1 zonelists, mobility grouping on.  Total pages: 257913
[    0.000000] Policy zone: DMA32
[    0.000000] Kernel command line: BOOT_IMAGE=/boot/vmlinuz-4.15.0-101-generic root=UUID=6969795d-2298-4346-a932-b89115857723 ro console=tty1 console=ttyS0
[    0.000000] Memory: 982524K/1048120K available (12300K kernel code, 2481K rwdata, 4268K rodata, 2432K init, 2712K bss, 65596K reserved, 0K cma-reserved)
[    0.000000] SLUB: HWalign=64, Order=0-3, MinObjects=0, CPUs=2, Nodes=1
[    0.000000] Kernel/User page tables isolation: enabled
[    0.000000] ftrace: allocating 39364 entries in 154 pages
[    0.004000] Hierarchical RCU implementation.
[    0.004000] 	RCU restricting CPUs from NR_CPUS=8192 to nr_cpu_ids=2.
[    0.004000] 	Tasks RCU enabled.
[    0.004000] RCU: Adjusting geometry for rcu_fanout_leaf=16, nr_cpu_ids=2
[    0.004000] NR_IRQS: 524544, nr_irqs: 440, preallocated irqs: 16
[    0.004000] Console: colour VGA+ 80x25
[    0.004000] console [tty1] enabled
[    0.004000] console [ttyS0] enabled
[    0.004000] ACPI: Core revision 20170831
[    0.004000] ACPI: 2 ACPI AML tables successfully acquired and loaded
[    0.004000] APIC: Switch to symmetric I/O mode setup
[    0.004000] x2apic enabled
[    0.004000] Switched APIC routing to physical x2apic.
[    0.004000] ..TIMER: vector=0x30 apic1=0 pin1=2 apic2=-1 pin2=-1
[    0.004004] tsc: Detected 1392.000 MHz processor
[    0.004831] Calibrating delay loop (skipped) preset value.. 2784.00 BogoMIPS (lpj=5568000)
[    0.005467] pid_max: default: 32768 minimum: 301
[    0.006317] Security Framework initialized
[    0.008002] Yama: becoming mindful.
[    0.008665] AppArmor: AppArmor initialized
[    0.010656] Dentry cache hash table entries: 131072 (order: 8, 1048576 bytes)
[    0.012067] Inode-cache hash table entries: 65536 (order: 7, 524288 bytes)
[    0.013271] Mount-cache hash table entries: 2048 (order: 2, 16384 bytes)
[    0.014455] Mountpoint-cache hash table entries: 2048 (order: 2, 16384 bytes)
[    0.016229] Last level iTLB entries: 4KB 64, 2MB 8, 4MB 8
[    0.017167] Last level dTLB entries: 4KB 64, 2MB 0, 4MB 0, 1GB 4
[    0.018261] Spectre V1 : Mitigation: usercopy/swapgs barriers and __user pointer sanitization
[    0.019845] Spectre V2 : Mitigation: Full generic retpoline
[    0.020001] Spectre V2 : Spectre v2 / SpectreRSB mitigation: Filling RSB on context switch
[    0.021466] Speculative Store Bypass: Vulnerable
[    0.024038] MDS: Mitigation: Clear CPU buffers
[    0.025378] Freeing SMP alternatives memory: 36K
[    0.136071] smpboot: CPU0: Intel(R) Core(TM) i5-8257U CPU @ 1.40GHz (family: 0x6, model: 0x8e, stepping: 0xa)
[    0.138450] Performance Events: unsupported p6 CPU model 142 no PMU driver, software events only.
[    0.140039] Hierarchical SRCU implementation.
[    0.141429] NMI watchdog: Perf event create on CPU 0 failed with -2
[    0.142530] NMI watchdog: Perf NMI watchdog permanently disabled
[    0.144038] smp: Bringing up secondary CPUs ...
[    0.144919] x86: Booting SMP configuration:
[    0.145681] .... node  #0, CPUs:      #1
[    0.004000] kvm-clock: cpu 1, msr 0:3ff44041, secondary cpu clock
[    0.148017] smp: Brought up 1 node, 2 CPUs
[    0.148854] smpboot: Max logical packages: 1
[    0.149635] smpboot: Total of 2 processors activated (5568.00 BogoMIPS)
[    0.152108] devtmpfs: initialized
[    0.153149] x86/mm: Memory block size: 128MB
[    0.154360] evm: security.selinux
[    0.156003] evm: security.SMACK64
[    0.156620] evm: security.SMACK64EXEC
[    0.157330] evm: security.SMACK64TRANSMUTE
[    0.158240] evm: security.SMACK64MMAP
[    0.159303] evm: security.apparmor
[    0.160003] evm: security.ima
[    0.160567] evm: security.capability
[    0.161258] clocksource: jiffies: mask: 0xffffffff max_cycles: 0xffffffff, max_idle_ns: 7645041785100000 ns
[    0.161709] futex hash table entries: 512 (order: 3, 32768 bytes)
[    0.165157] pinctrl core: initialized pinctrl subsystem
[    0.166194] RTC time:  4:30:39, date: 06/08/20
[    0.167109] NET: Registered protocol family 16
[    0.168063] audit: initializing netlink subsys (disabled)
[    0.169048] audit: type=2000 audit(1591590644.308:1): state=initialized audit_enabled=0 res=1
[    0.169048] cpuidle: using governor ladder
[    0.169048] cpuidle: using governor menu
[    0.172038] ACPI: bus type PCI registered
[    0.172770] acpiphp: ACPI Hot Plug PCI Controller Driver version: 0.5
[    0.174073] PCI: Using configuration type 1 for base access
[    0.176390] HugeTLB registered 2.00 MiB page size, pre-allocated 0 pages
[    0.177202] ACPI: Added _OSI(Module Device)
[    0.177202] ACPI: Added _OSI(Processor Device)
[    0.177757] ACPI: Added _OSI(3.0 _SCP Extensions)
[    0.180002] ACPI: Added _OSI(Processor Aggregator Device)
[    0.180950] ACPI: Added _OSI(Linux-Dell-Video)
[    0.181751] ACPI: Added _OSI(Linux-Lenovo-NV-HDMI-Audio)
[    0.182683] ACPI: Added _OSI(Linux-HPI-Hybrid-Graphics)
[    0.184319] ACPI: Executed 1 blocks of module-level executable AML code
[    0.188599] ACPI: Interpreter enabled
[    0.189284] ACPI: (supports S0 S5)
[    0.189939] ACPI: Using IOAPIC for interrupt routing
[    0.190984] PCI: Using host bridge windows from ACPI; if necessary, use "pci=nocrs" and report a bug
[    0.192175] ACPI: Enabled 2 GPEs in block 00 to 07
[    0.198761] ACPI: PCI Root Bridge [PCI0] (domain 0000 [bus 00-ff])
[    0.200000] acpi PNP0A03:00: _OSC: OS supports [ASPM ClockPM Segments MSI]
[    0.200356] acpi PNP0A03:00: _OSC: not requesting OS control; OS requires [ExtendedConfig ASPM ClockPM MSI]
[    0.202490] acpi PNP0A03:00: fail to add MMCONFIG information, can't access extended PCI configuration space under this bridge.
[    0.204391] PCI host bridge to bus 0000:00
[    0.205139] pci_bus 0000:00: root bus resource [io  0x0000-0x0cf7 window]
[    0.206316] pci_bus 0000:00: root bus resource [io  0x0d00-0xffff window]
[    0.208002] pci_bus 0000:00: root bus resource [mem 0x000a0000-0x000bffff window]
[    0.209352] pci_bus 0000:00: root bus resource [mem 0x40000000-0xfdffffff window]
[    0.210687] pci_bus 0000:00: root bus resource [bus 00-ff]
[    0.214436] pci 0000:00:01.1: legacy IDE quirk: reg 0x10: [io  0x01f0-0x01f7]
[    0.216003] pci 0000:00:01.1: legacy IDE quirk: reg 0x14: [io  0x03f6]
[    0.217329] pci 0000:00:01.1: legacy IDE quirk: reg 0x18: [io  0x0170-0x0177]
[    0.218569] pci 0000:00:01.1: legacy IDE quirk: reg 0x1c: [io  0x0376]
[    0.235238] pci 0000:00:07.0: quirk: [io  0x4000-0x403f] claimed by PIIX4 ACPI
[    0.236019] pci 0000:00:07.0: quirk: [io  0x4100-0x410f] claimed by PIIX4 SMB
[    0.246560] ACPI: PCI Interrupt Link [LNKA] (IRQs 5 9 10 *11)
[    0.247874] ACPI: PCI Interrupt Link [LNKB] (IRQs 5 9 *10 11)
[    0.248124] ACPI: PCI Interrupt Link [LNKC] (IRQs 5 *9 10 11)
[    0.249274] ACPI: PCI Interrupt Link [LNKD] (IRQs 5 9 10 *11)
[    0.250607] SCSI subsystem initialized
[    0.252043] pci 0000:00:02.0: vgaarb: setting as boot VGA device
[    0.253459] pci 0000:00:02.0: vgaarb: VGA device added: decodes=io+mem,owns=io+mem,locks=none
[    0.254966] pci 0000:00:02.0: vgaarb: bridge control possible
[    0.256008] vgaarb: loaded
[    0.256553] ACPI: bus type USB registered
[    0.257321] usbcore: registered new interface driver usbfs
[    0.258303] usbcore: registered new interface driver hub
[    0.259260] usbcore: registered new device driver usb
[    0.260049] EDAC MC: Ver: 3.0.0
[    0.260917] PCI: Using ACPI for IRQ routing
[    0.261153] NetLabel: Initializing
[    0.261796] NetLabel:  domain hash size = 128
[    0.264007] NetLabel:  protocols = UNLABELED CIPSOv4 CALIPSO
[    0.265015] NetLabel:  unlabeled traffic allowed by default
[    0.266113] clocksource: Switched to clocksource kvm-clock
[    0.275843] VFS: Disk quotas dquot_6.6.0
[    0.277384] VFS: Dquot-cache hash table entries: 512 (order 0, 4096 bytes)
[    0.279007] AppArmor: AppArmor Filesystem Enabled
[    0.279883] pnp: PnP ACPI init
[    0.281702] pnp: PnP ACPI: found 3 devices
[    0.290273] clocksource: acpi_pm: mask: 0xffffff max_cycles: 0xffffff, max_idle_ns: 2085701024 ns
[    0.292155] NET: Registered protocol family 2
[    0.293131] TCP established hash table entries: 8192 (order: 4, 65536 bytes)
[    0.294382] TCP bind hash table entries: 8192 (order: 5, 131072 bytes)
[    0.297532] TCP: Hash tables configured (established 8192 bind 8192)
[    0.299274] UDP hash table entries: 512 (order: 2, 16384 bytes)
[    0.300344] UDP-Lite hash table entries: 512 (order: 2, 16384 bytes)
[    0.301492] NET: Registered protocol family 1
[    0.302401] pci 0000:00:00.0: Limiting direct PCI/PCI transfers
[    0.303469] pci 0000:00:01.0: Activating ISA DMA hang workarounds
[    0.304618] pci 0000:00:02.0: Video device with shadowed ROM at [mem 0x000c0000-0x000dffff]
[    0.306198] Unpacking initramfs...
[    0.559309] Freeing initrd memory: 19744K
[    0.560712] clocksource: tsc: mask: 0xffffffffffffffff max_cycles: 0x14109b0720d, max_idle_ns: 440795259878 ns
[    0.562720] platform rtc_cmos: registered platform RTC device (no PNP device found)
[    0.564085] Scanning for low memory corruption every 60 seconds
[    0.565754] Initialise system trusted keyrings
[    0.566576] Key type blacklist registered
[    0.567359] workingset: timestamp_bits=36 max_order=18 bucket_order=0
[    0.569717] zbud: loaded
[    0.570678] squashfs: version 4.0 (2009/01/31) Phillip Lougher
[    0.572754] fuse init (API version 7.26)
[    0.575238] Key type asymmetric registered
[    0.576350] Asymmetric key parser 'x509' registered
[    0.577423] Block layer SCSI generic (bsg) driver version 0.4 loaded (major 246)
[    0.578873] io scheduler noop registered
[    0.579806] io scheduler deadline registered
[    0.580686] io scheduler cfq registered (default)
[    0.581986] ACPI: AC Adapter [AC] (off-line)
[    0.582832] input: Power Button as /devices/LNXSYSTM:00/LNXPWRBN:00/input/input0
[    0.584507] ACPI: Power Button [PWRF]
[    0.585318] input: Sleep Button as /devices/LNXSYSTM:00/LNXSLPBN:00/input/input1
[    0.586761] ACPI: Sleep Button [SLPF]
[    0.588856] ACPI: Battery Slot [BAT0] (battery present)
[    0.589825] Serial: 8250/16550 driver, 32 ports, IRQ sharing enabled
[    0.611653] 00:02: ttyS0 at I/O 0x3f8 (irq = 4, base_baud = 115200) is a 16550A
[    0.616929] Linux agpgart interface v0.103
[    0.621208] loop: module loaded
[    0.622397] scsi host0: ata_piix
[    0.623237] scsi host1: ata_piix
[    0.624277] ata1: PATA max UDMA/33 cmd 0x1f0 ctl 0x3f6 bmdma 0xd000 irq 14
[    0.625627] ata2: PATA max UDMA/33 cmd 0x170 ctl 0x376 bmdma 0xd008 irq 15
[    0.627638] libphy: Fixed MDIO Bus: probed
[    0.628437] tun: Universal TUN/TAP device driver, 1.6
[    0.629458] PPP generic driver version 2.4.2
[    0.630521] ehci_hcd: USB 2.0 'Enhanced' Host Controller (EHCI) Driver
[    0.632115] ehci-pci: EHCI PCI platform driver
[    0.633927] ehci-platform: EHCI generic platform driver
[    0.635047] ohci_hcd: USB 1.1 'Open' Host Controller (OHCI) Driver
[    0.636284] ohci-pci: OHCI PCI platform driver
[    0.637129] ohci-platform: OHCI generic platform driver
[    0.638107] uhci_hcd: USB Universal Host Controller Interface driver
[    0.639540] i8042: PNP: PS/2 Controller [PNP0303:PS2K,PNP0f03:PS2M] at 0x60,0x64 irq 1,12
[    0.641857] serio: i8042 KBD port at 0x60,0x64 irq 1
[    0.642791] serio: i8042 AUX port at 0x60,0x64 irq 12
[    0.643902] mousedev: PS/2 mouse device common for all mice
[    0.645519] input: AT Translated Set 2 keyboard as /devices/platform/i8042/serio0/input/input2
[    0.647267] rtc_cmos rtc_cmos: rtc core: registered rtc_cmos as rtc0
[    0.648799] rtc_cmos rtc_cmos: alarms up to one day, 114 bytes nvram
[    0.649929] i2c /dev entries driver
[    0.650631] device-mapper: uevent: version 1.0.3
[    0.651683] device-mapper: ioctl: 4.37.0-ioctl (2017-09-20) initialised: dm-devel@redhat.com
[    0.653294] ledtrig-cpu: registered to indicate activity on CPUs
[    0.654778] NET: Registered protocol family 10
[    0.659001] Segment Routing with IPv6
[    0.659877] NET: Registered protocol family 17
[    0.660765] Key type dns_resolver registered
[    0.661695] mce: Using 0 MCE banks
[    0.662343] RAS: Correctable Errors collector initialized.
[    0.663377] sched_clock: Marking stable (661675712, 0)->(801131274, -139455562)
[    0.665409] registered taskstats version 1
[    0.666170] Loading compiled-in X.509 certificates
[    0.669031] Loaded X.509 cert 'Build time autogenerated kernel key: 81757e40860ca54b8a45e323b66799c03c91a344'
[    0.670780] zswap: loaded using pool lzo/zbud
[    0.674692] Key type big_key registered
[    0.675434] Key type trusted registered
[    0.677519] Key type encrypted registered
[    0.678492] AppArmor: AppArmor sha1 policy hashing enabled
[    0.679563] ima: No TPM chip found, activating TPM-bypass! (rc=-19)
[    0.681097] ima: Allocated hash algorithm: sha1
[    0.681938] evm: HMAC attrs: 0x1
[    0.682843]   Magic number: 8:499:514
[    0.683599] rtc_cmos rtc_cmos: setting system clock to 2020-06-08 04:30:39 UTC (1591590639)
[    0.685228] BIOS EDD facility v0.16 2004-Jun-25, 0 devices found
[    0.686280] EDD information not available.
[    0.795042] Freeing unused kernel image memory: 2432K
[    0.811698] Write protecting the kernel read-only data: 20480k
[    0.814070] Freeing unused kernel image memory: 2008K
[    0.815585] Freeing unused kernel image memory: 1876K
[    0.822915] x86/mm: Checked W+X mappings: passed, no W+X pages found.
[    0.824876] x86/mm: Checking user space page tables
[    0.831435] x86/mm: Checked W+X mappings: passed, no W+X pages found.
Loading, please wait...
starting version 237
[    0.885369] e1000: Intel(R) PRO/1000 Network Driver - version 7.3.21-k8-NAPI
[    0.886660] e1000: Copyright (c) 1999-2006 Intel Corporation.
[    0.890526] Fusion MPT base driver 3.04.20
[    0.891673] Copyright (c) 1999-2008 LSI Corporation
[    0.903205] Fusion MPT SPI Host driver 3.04.20
[    0.907946] AVX2 version of gcm_enc/dec engaged.
[    0.908948] AES CTR mode by8 optimization enabled
[    1.113260] input: ImExPS/2 Generic Explorer Mouse as /devices/platform/i8042/serio1/input/input4
[    1.280279] e1000 0000:00:03.0 eth0: (PCI:33MHz:32-bit) 02:22:e7:1f:39:14
[    1.282527] e1000 0000:00:03.0 eth0: Intel(R) PRO/1000 Network Connection
[    1.741552] e1000 0000:00:08.0 eth1: (PCI:33MHz:32-bit) 08:00:27:4a:8e:1b
[    1.742889] e1000 0000:00:08.0 eth1: Intel(R) PRO/1000 Network Connection
[    1.748358] e1000 0000:00:03.0 enp0s3: renamed from eth0
[    1.753208] mptbase: ioc0: Initiating bringup
[    1.769321] e1000 0000:00:08.0 enp0s8: renamed from eth1
[    2.066850] ioc0: LSI53C1030 A0: Capabilities={Initiator}
[    3.459220] scsi host2: ioc0: LSI53C1030 A0, FwRev=00000000h, Ports=1, MaxQ=256, IRQ=20
[    3.753064] scsi 2:0:0:0: Direct-Access     VBOX     HARDDISK         1.0  PQ: 0 ANSI: 5
[    3.784541] scsi target2:0:0: Beginning Domain Validation
[    3.789251] scsi target2:0:0: Domain Validation skipping write tests
[    3.790588] scsi target2:0:0: Ending Domain Validation
[    3.791756] scsi target2:0:0: asynchronous
[    3.793224] scsi 2:0:1:0: Direct-Access     VBOX     HARDDISK         1.0  PQ: 0 ANSI: 5
[    3.824466] scsi target2:0:1: Beginning Domain Validation
[    3.829584] random: fast init done
[    3.830566] scsi target2:0:1: Domain Validation skipping write tests
[    3.831914] scsi target2:0:1: Ending Domain Validation
[    3.833141] scsi target2:0:1: asynchronous
[    3.837955] random: systemd-udevd: uninitialized urandom read (16 bytes read)
[    3.839447] random: systemd-udevd: uninitialized urandom read (16 bytes read)
[    3.840801] random: systemd-udevd: uninitialized urandom read (16 bytes read)
[    3.842534] sd 2:0:0:0: [sda] 20971520 512-byte logical blocks: (10.7 GB/10.0 GiB)
[    3.844010] sd 2:0:0:0: Attached scsi generic sg0 type 0
[    3.845048] sd 2:0:0:0: [sda] Write Protect is off
[    3.846113] sd 2:0:0:0: [sda] Incomplete mode parameter data
[    3.847379] sd 2:0:0:0: [sda] Assuming drive cache: write through
[    3.849783] sd 2:0:1:0: Attached scsi generic sg1 type 0
[    3.851199] sd 2:0:1:0: [sdb] 20480 512-byte logical blocks: (10.5 MB/10.0 MiB)
[    3.852850] sd 2:0:1:0: [sdb] Write Protect is off
[    3.854452] sd 2:0:1:0: [sdb] Incomplete mode parameter data
[    3.855781] sd 2:0:1:0: [sdb] Assuming drive cache: write through
[    3.857018]  sda: sda1
[    3.858468] sd 2:0:0:0: [sda] Attached SCSI disk
[    3.860365] sd 2:0:1:0: [sdb] Attached SCSI disk
Begin: Loading essential drivers ... [    5.240251] raid6: sse2x1   gen() 13150 MB/s
[    5.288236] raid6: sse2x1   xor()  9475 MB/s
[    5.336239] raid6: sse2x2   gen() 15845 MB/s
[    5.384216] raid6: sse2x2   xor() 10793 MB/s
[    5.432233] raid6: sse2x4   gen() 18437 MB/s
[    5.480176] raid6: sse2x4   xor() 11777 MB/s
[    5.528217] raid6: avx2x1   gen() 26235 MB/s
[    5.576014] raid6: avx2x1   xor() 18206 MB/s
[    5.624265] raid6: avx2x2   gen() 30697 MB/s
[    5.672194] raid6: avx2x2   xor() 19764 MB/s
[    5.720198] raid6: avx2x4   gen() 36522 MB/s
[    5.768225] raid6: avx2x4   xor() 21677 MB/s
[    5.769657] raid6: using algorithm avx2x4 gen() 36522 MB/s
[    5.770676] raid6: .... xor() 21677 MB/s, rmw enabled
[    5.771625] raid6: using avx2x2 recovery algorithm
[    5.773650] xor: automatically using best checksumming function   avx       
[    5.776585] async_tx: api initialized (async)
done.
Begin: Running /scripts/init-premount ... done.
Begin: Mounting root file system ... Begin: Running /scripts/local-top ... done.
Begin: Running /scripts/local-premount ... [    5.814185] Btrfs loaded, crc32c=crc32c-intel
Scanning for Btrfs filesystems
done.
Warning: fsck not present, so skipping root file system
[    5.838712] EXT4-fs (sda1): mounted filesystem with ordered data mode. Opts: (null)
done.
Begin: Running /scripts/local-bottom ... done.
Begin: Running /scripts/init-bottom ... done.
[    6.030148] ip_tables: (C) 2000-2006 Netfilter Core Team
[    6.042664] systemd[1]: systemd 237 running in system mode. (+PAM +AUDIT +SELINUX +IMA +APPARMOR +SMACK +SYSVINIT +UTMP +LIBCRYPTSETUP +GCRYPT +GNUTLS +ACL +XZ +LZ4 +SECCOMP +BLKID +ELFUTILS +KMOD -IDN2 +IDN -PCRE2 default-hierarchy=hybrid)
[    6.046530] systemd[1]: Detected virtualization oracle.
[    6.047486] systemd[1]: Detected architecture x86-64.

Welcome to [1mUbuntu 18.04.3 LTS[0m!

[    6.055584] systemd[1]: Set hostname to <ubuntu-bionic>.
[    6.344591] systemd[1]: Reached target Swap.
[[0;32m  OK  [0m] Reached target Swap.
[    6.346239] systemd[1]: Reached target User and Group Name Lookups.
[[0;32m  OK  [0m] Reached target User and Group Name Lookups.
[    6.348929] systemd[1]: Reached target System Time Synchronized.
[[0;32m  OK  [0m] Reached target System Time Synchronized.
[    6.350942] systemd[1]: Started Forward Password Requests to Wall Directory Watch.
[[0;32m  OK  [0m] Started Forward Password Requests to Wall Directory Watch.
[    6.353593] systemd[1]: Set up automount Arbitrary Executable File Formats File System Automount Point.
[[0;32m  OK  [0m] Set up automount Arbitrary Executabâ€¦rmats File System Automount Point.
[    6.358854] systemd[1]: Created slice User and Session Slice.
[[0;32m  OK  [0m] Created slice User and Session Slice.
[[0;32m  OK  [0m] Created slice System Slice.
[[0;32m  OK  [0m] Listening on Network Service Netlink Socket.
[[0;32m  OK  [0m] Listening on udev Control Socket.
[[0;32m  OK  [0m] Listening on /dev/initctl Compatibility Named Pipe.
[[0;32m  OK  [0m] Created slice system-serial\x2dgetty.slice.
[[0;32m  OK  [0m] Listening on Device-mapper event daemon FIFOs.
[[0;32m  OK  [0m] Listening on Journal Socket (/dev/log).
[[0;32m  OK  [0m] Reached target Slices.
[[0;32m  OK  [0m] Listening on LVM2 metadata daemon socket.
[[0;32m  OK  [0m] Listening on Journal Socket.
         Starting Create list of required stâ€¦ce nodes for the current kernel...
         Starting Remount Root and Kernel File Systems...
         Mounting Huge Pages File System...
         Starting Uncomplicated firewall...
         Mounting POSIX Message Queue File System...
[    6.454084] EXT4-fs (sda1): re-mounted. Opts: (null)
         Starting Monitoring of LVM2 mirrorsâ€¦ng dmeventd or progress polling...
         Starting Load Kernel Modules...
         Mounting Kernel Debug File System...
         Starting Set the console keyboard layout...
[[0;32m  OK  [0m] Listening on Syslog Socket.
[    6.515556] Loading iSCSI transport class v2.0-870.
[    6.523386] iscsi: registered transport (tcp)
[[0;32m  OK  [0m] Listening on LVM2 poll daemon socket.
[[0;32m  OK  [0m] Listening on Journal Audit Socket.
         Starting Journal Service...
[[0;32m  OK  [0m] Listening on udev Kernel Socket.
         Starting udev Coldplug all Devices...
[[0;32m  OK  [0m] Started Create list of required staâ€¦vice nodes for the current kernel.
[[0;32m  OK  [0m] Started Remount Root and Kernel File Systems.
[[0;32m  OK  [0m] Mounted Huge Pages File System.
[[0;32m  OK  [0m] Started Uncomplicated firewall.
[[0;32m  OK  [0m] Mounted POSIX Message Queue File System.
[[0;32m  OK  [0m] Mounted Kernel Debug File System.
[    6.562150] iscsi: registered transport (iser)
[[0;32m  OK  [0m] Started Load Kernel Modules.
[[0;32m  OK  [0m] Started LVM2 metadata daemon.
         Starting Apply Kernel Variables...
         Mounting Kernel Configuration File System...
         Mounting FUSE Control File System...
         Starting Load/Save Random Seed...
         Starting Create Static Device Nodes in /dev...
[[0;32m  OK  [0m] Started Journal Service.
[[0;32m  OK  [0m] Started Monitoring of LVM2 mirrors,â€¦sing dmeventd or progress polling.
[[0;32m  OK  [0m] Started udev Coldplug all Devices.
[[0;32m  OK  [0m] Mounted Kernel Configuration File System.
[[0;32m  OK  [0m] Mounted FUSE Control File System.
         Starting Flush Journal to Persistent Storage...
[[0;32m  OK  [0m] Started Load/Save Random Seed.
[[0;32m  OK  [0m] Started Create Static Device Nodes in /dev.
         Starting udev Kernel Device Manager...
[[0;32m  OK  [0m] Started Apply Kernel Variables.
[[0;32m  OK  [0m] Started udev Kernel Device Manager.
[[0;32m  OK  [0m] Started Set the console keyboard layout.
[[0;32m  OK  [0m] Started Dispatch Password Requests to Console Directory Watch.
[[0;32m  OK  [0m] Reached target Local Encrypted Volumes.
[[0;32m  OK  [0m] Reached target Local File Systems (Pre).
[[0;32m  OK  [0m] Reached target Local File Systems.
         Starting Set console font and keymap...
         Starting ebtables ruleset management...
         Starting AppArmor initialization...
         Starting Tell Plymouth To Write Out Runtime Data...
[[0;32m  OK  [0m] Started Set console font and keymap.
[[0;32m  OK  [0m] Started Tell Plymouth To Write Out Runtime Data.
[[0;32m  OK  [0m] Started Flush Journal to Persistent Storage.
         Starting Create Volatile Files and Directories...
[[0;32m  OK  [0m] Started ebtables ruleset management.
[[0;32m  OK  [0m] Started Create Volatile Files and Directories.
         Starting Update UTMP about System Boot/Shutdown...
[[0;32m  OK  [0m] Started Update UTMP about System Boot/Shutdown.
[[0;32m  OK  [0m] Found device /dev/ttyS0.
[[0;32m  OK  [0m] Started AppArmor initialization.
         Starting Initial cloud-init job (pre-networking)...
[[0;32m  OK  [0m] Listening on Load/Save RF Kill Switch Status /dev/rfkill Watch.
[    8.319764] cloud-init[533]: Cloud-init v. 19.3-41-gc4735dd3-0ubuntu1~18.04.1 running 'init-local' at Mon, 08 Jun 2020 04:30:46 +0000. Up 8.12 seconds.
[[0;32m  OK  [0m] Started Initial cloud-init job (pre-networking).
[[0;32m  OK  [0m] Reached target Network (Pre).
         Starting Network Service...
[[0;32m  OK  [0m] Started Network Service.
         Starting Network Name Resolution...
         Starting Wait for Network to be Configured...
[[0;32m  OK  [0m] Started Network Name Resolution.
[[0;32m  OK  [0m] Reached target Network.
[[0;32m  OK  [0m] Reached target Host and Network Name Lookups.
[[0;32m  OK  [0m] Started Wait for Network to be Configured.
         Starting Initial cloud-init job (metadata service crawler)...
[   10.738354] cloud-init[722]: Cloud-init v. 19.3-41-gc4735dd3-0ubuntu1~18.04.1 running 'init' at Mon, 08 Jun 2020 04:30:49 +0000. Up 10.61 seconds.
[   10.772205] cloud-init[722]: ci-info: ++++++++++++++++++++++++++++++++++++++Net device info+++++++++++++++++++++++++++++++++++++++
[   10.773763] cloud-init[722]: ci-info: +--------+------+-----------------------------+---------------+--------+-------------------+
[   10.776129] cloud-init[722]: ci-info: | Device |  Up  |           Address           |      Mask     | Scope  |     Hw-Address    |
[   10.777830] cloud-init[722]: ci-info: +--------+------+-----------------------------+---------------+--------+-------------------+
[   10.779009] cloud-init[722]: ci-info: | enp0s3 | True |          10.0.2.15          | 255.255.255.0 | global | 02:22:e7:1f:39:14 |
[   10.780134] cloud-init[722]: ci-info: | enp0s3 | True |  fe80::22:e7ff:fe1f:3914/64 |       .       |  link  | 02:22:e7:1f:39:14 |
[   10.781922] cloud-init[722]: ci-info: | enp0s8 | True |        192.168.33.10        | 255.255.255.0 | global | 08:00:27:4a:8e:1b |
[   10.783730] cloud-init[722]: ci-info: | enp0s8 | True | fe80::a00:27ff:fe4a:8e1b/64 |       .       |  link  | 08:00:27:4a:8e:1b |
[   10.785513] cloud-init[722]: ci-info: |   lo   | True |          127.0.0.1          |   255.0.0.0   |  host  |         .         |
[   10.787458] cloud-init[722]: ci-info: |   lo   | True |           ::1/128           |       .       |  host  |         .         |
[   10.789286] cloud-init[722]: ci-info: +--------+------+-----------------------------+---------------+--------+-------------------+
[   10.791073] cloud-init[722]: ci-info: +++++++++++++++++++++++++++++Route IPv4 info+++++++++++++++++++++++++++++
[   10.792577] cloud-init[722]: ci-info: +-------+--------------+----------+-----------------+-----------+-------+
[   10.794028] cloud-init[722]: ci-info: | Route | Destination  | Gateway  |     Genmask     | Interface | Flags |
[   10.795481] cloud-init[722]: ci-info: +-------+--------------+----------+-----------------+-----------+-------+
[   10.796941] cloud-init[722]: ci-info: |   0   |   0.0.0.0    | 10.0.2.2 |     0.0.0.0     |   enp0s3  |   UG  |
[   10.808264] cloud-init[722]: ci-info: |   1   |   10.0.2.0   | 0.0.0.0  |  255.255.255.0  |   enp0s3  |   U   |
[   10.809242] cloud-init[722]: ci-info: |   2   |   10.0.2.2   | 0.0.0.0  | 255.255.255.255 |   enp0s3  |   UH  |
[   10.810401] cloud-init[722]: ci-info: |   3   | 192.168.33.0 | 0.0.0.0  |  255.255.255.0  |   enp0s8  |   U   |
[   10.811947] cloud-init[722]: ci-info: +-------+--------------+----------+-----------------+-----------+-------+
[   10.813582] cloud-init[722]: ci-info: +++++++++++++++++++Route IPv6 info+++++++++++++++++++
[   10.814991] cloud-init[722]: ci-info: +-------+-------------+---------+-----------+-------+
[   10.816406] cloud-init[722]: ci-info: | Route | Destination | Gateway | Interface | Flags |
[   10.817795] cloud-init[722]: ci-info: +-------+-------------+---------+-----------+-------+
[   10.819099] cloud-init[722]: ci-info: |   1   |  fe80::/64  |    ::   |   enp0s8  |   U   |
[   10.820555] cloud-init[722]: ci-info: |   2   |  fe80::/64  |    ::   |   enp0s3  |   U   |
[   10.821912] cloud-init[722]: ci-info: |   4   |    local    |    ::   |   enp0s3  |   U   |
[   10.842547] cloud-init[722]: ci-info: |   5   |    local    |    ::   |   enp0s8  |   U   |
[   10.856278] cloud-init[722]: ci-info: |   6   |   ff00::/8  |    ::   |   enp0s8  |   U   |
[   10.858191] cloud-init[722]: ci-info: |   7   |   ff00::/8  |    ::   |   enp0s3  |   U   |
[   10.859770] cloud-init[722]: ci-info: +-------+-------------+---------+-----------+-------+
[[0;32m  OK  [0m] Started Initial cloud-init job (metadata service crawler).
[[0;32m  OK  [0m] Reached target Network is Online.
[[0;32m  OK  [0m] Reached target Remote File Systems (Pre).
[[0;32m  OK  [0m] Reached target Remote File Systems.
         Starting Availability of block devices...
[[0;32m  OK  [0m] Reached target System Initialization.
[[0;32m  OK  [0m] Listening on UUID daemon activation socket.
[[0;32m  OK  [0m] Listening on ACPID Listen Socket.
[[0;32m  OK  [0m] Started Daily Cleanup of Temporary Directories.
         Starting LXD - unix socket.
[[0;32m  OK  [0m] Started Message of the Day.
[[0;32m  OK  [0m] Listening on D-Bus System Message Bus Socket.
[[0;32m  OK  [0m] Listening on Open-iSCSI iscsid Socket.
[[0;32m  OK  [0m] Started ACPI Events Check.
[[0;32m  OK  [0m] Started Daily apt download activities.
[[0;32m  OK  [0m] Started Daily apt upgrade and clean activities.
[[0;32m  OK  [0m] Reached target Paths.
[[0;32m  OK  [0m] Started Discard unused blocks once a week.
[[0;32m  OK  [0m] Reached target Timers.
         Starting Socket activation for snappy daemon.
[[0;32m  OK  [0m] Reached target Cloud-config availability.
[[0;32m  OK  [0m] Started Availability of block devices.
[[0;32m  OK  [0m] Listening on LXD - unix socket.
[[0;32m  OK  [0m] Listening on Socket activation for snappy daemon.
[[0;32m  OK  [0m] Reached target Sockets.
[[0;32m  OK  [0m] Reached target Basic System.
         Starting LSB: automatic crash report generation...
[[0;32m  OK  [0m] Started Regular background program processing daemon.
         Starting LSB: Record successful boot for GRUB...
         Starting Permit User Sessions...
         Starting vboxadd.service...
[[0;32m  OK  [0m] Started Deferred execution scheduler.
         Starting LXD - container startup/shutdown...
         Starting System Logging Service...
[[0;32m  OK  [0m] Started irqbalance daemon.
[[0;32m  OK  [0m] Started D-Bus System Message Bus.
         Starting Accounts Service...
         Starting Snappy daemon...
         Starting Login Service...
[[0;32m  OK  [0m] Started FUSE filesystem for LXC.
         Starting OpenBSD Secure Shell server...
         Starting Dispatcher daemon for systemd-networkd...
[[0;32m  OK  [0m] Started System Logging Service.
[[0;32m  OK  [0m] Started Permit User Sessions.
[[0;32m  OK  [0m] Started LXD - container startup/shutdown.
[[0;32m  OK  [0m] Started Login Service.
[[0;32m  OK  [0m] Started Unattended Upgrades Shutdown.
         Starting Authorization Manager...
         Starting Terminate Plymouth Boot Screen...
         Starting Hold until boot process finishes up...
[[0;32m  OK  [0m] Started Terminate Plymouth Boot Screen.
[[0;32m  OK  [0m] Started Hold until boot process finishes up.
[[0;32m  OK  [0m] Started Serial Getty on ttyS0.
         Starting Set console scheme...
[[0;32m  OK  [0m] Started OpenBSD Secure Shell server.
[[0;32m  OK  [0m] Started Set console scheme.
[[0;32m  OK  [0m] Created slice system-getty.slice.
[[0;32m  OK  [0m] Started Getty on tty1.
[[0;32m  OK  [0m] Reached target Login Prompts.
[[0;32m  OK  [0m] Started LSB: Record successful boot for GRUB.
[[0;32m  OK  [0m] Started LSB: automatic crash report generation.
[[0;32m  OK  [0m] Started Authorization Manager.
[[0;32m  OK  [0m] Started Accounts Service.
[[0;32m  OK  [0m] Created slice User Slice of vagrant.
         Starting User Manager for UID 1000...
[[0;32m  OK  [0m] Started Session 1 of user vagrant.
[[0;32m  OK  [0m] Started Dispatcher daemon for systemd-networkd.
[[0;32m  OK  [0m] Started Snappy daemon.
         Starting Wait until snapd is fully seeded...
[[0;32m  OK  [0m] Started Wait until snapd is fully seeded.
         Starting Apply the settings specified in cloud-config...
[[0;32m  OK  [0m] Started User Manager for UID 1000.
[   12.886222] cloud-init[1189]: Cloud-init v. 19.3-41-gc4735dd3-0ubuntu1~18.04.1 running 'modules:config' at Mon, 08 Jun 2020 04:30:51 +0000. Up 12.75 seconds.
[[0;32m  OK  [0m] Started Apply the settings specified in cloud-config.
[[0;32m  OK  [0m] Started vboxadd.service.
         Starting vboxadd-service.service...
[[0;32m  OK  [0m] Started vboxadd-service.service.
[[0;32m  OK  [0m] Reached target Multi-User System.
         Starting Execute cloud user/final scripts...
[[0;32m  OK  [0m] Reached target Graphical Interface.
         Starting Update UTMP about System Runlevel Changes...
[[0;32m  OK  [0m] Started Update UTMP about System Runlevel Changes.
[   13.739115] cloud-init[1351]: Cloud-init v. 19.3-41-gc4735dd3-0ubuntu1~18.04.1 running 'modules:final' at Mon, 08 Jun 2020 04:30:52 +0000. Up 13.63 seconds.
[   13.752314] cloud-init[1351]: Cloud-init v. 19.3-41-gc4735dd3-0ubuntu1~18.04.1 finished at Mon, 08 Jun 2020 04:30:52 +0000. Datasource DataSourceNoCloud [seed=/dev/sdb][dsmode=net].  Up 13.73 seconds
[[0;32m  OK  [0m] Started Execute cloud user/final scripts.
[[0;32m  OK  [0m] Reached target Cloud-init target.

Ubuntu 18.04.3 LTS ubuntu-bionic ttyS0

ubuntu-bionic login: 